
Hexadecimal

Area                               Addr   Size   Decimal Bytes (Attributes)
--------------------------------   ----   ----   ------- ----- ------------
.  .ABS.                           0000   0000 =      0. bytes (ABS,CON)

      Value  Global
   --------  --------------------------------
     0000    l_BIT_BANK
     0000    l_BSEG
     0000    l_BSEG_BYTES
     0000    l_CONST
     0000    l_GSINIT
     0000    l_GSINIT1
     0000    l_GSINIT5
     0000    l_ISEG
     0000    l_OSEG
     0000    l_PSEG
     0000    l_REG_BANK_1
     0000    l_REG_BANK_2
     0000    l_REG_BANK_3
     0000    l_RSEG
     0000    l_XINIT
     0000    l_XISEG
     0000    l_XSEG
     0000    l__CODE
     0000    s_BSEG
     0000    s_DSEG
     0000    s_HOME
     0000    s_PSEG
     0000    s_REG_BANK_0
     0000    s_XISEG
     0000    s_XSEG
     0000    s__CODE
     0003    l_GSFINAL
     0003    l_GSINIT0
     0003    l_HOME
     0003    s_GSINIT0
     0006    s_GSINIT1
     0006    s_GSINIT2
     0008    l_REG_BANK_0
     0008    s_REG_BANK_1
     0008    s_RSEG
     0008    s_SSEG
     000A    l_GSINIT2
     0010    s_GSINIT3
     0010    s_REG_BANK_2
     0015    l_CSEG
     0018    s_REG_BANK_3
     0020    s_BIT_BANK
     0020    s_BSEG_BYTES
     0020    s_OSEG
     0022    l_GSINIT3
     002A    l_GSINIT4
     0032    s_GSINIT4
     005C    s_GSFINAL
     005C    s_GSINIT
     005C    s_GSINIT5
     005F    s_CSEG
     0074    s_CONST
     0074    s_XINIT
     0080    _P0
     0080    _P0_0
     0080    l_DSEG
     0080    s_ISEG
     0081    _P0_1
     0081    _SP
     0082    _DPL
     0082    _P0_2
     0083    _DPH
     0083    _P0_3
     0084    _P0_4
     0085    _P0_5
     0086    _P0_6
     0087    _P0_7
     0087    _PCON
     0088    _IT0
     0088    _TCON
     0089    _IE0
     0089    _TMOD
     008A    _IT1
     008A    _TL0
     008B    _IE1
     008B    _TL1
     008C    _TH0
     008C    _TR0
     008D    _TF0
     008D    _TH1
     008E    _TR1
     008F    _TF1
     0090    _P1
     0090    _P1_0
     0090    _T2
     0091    _P1_1
     0091    _T2EX
     0092    _P1_2
     0093    _P1_3
     0094    _P1_4
     0095    _P1_5
     0096    _P1_6
     0097    _P1_7
     0098    _RI
     0098    _SCON
     0099    _SBUF
     0099    _TI
     009A    _RB8
     009B    _TB8
     009C    _REN
     009D    _SM2
     009E    _SM1
     009F    _SM0
     00A0    _P2
     00A0    _P2_0
     00A0    __XPAGE
     00A1    _P2_1
     00A2    _P2_2
     00A3    _P2_3
     00A4    _P2_4
     00A5    _P2_5
     00A6    _P2_6
     00A7    _P2_7
     00A8    _EX0
     00A8    _IE
     00A9    _ET0
     00AA    _EX1
     00AB    _ET1
     00AC    _ES
     00AD    _ET2
     00AF    _EA
     00B0    _P3
     00B0    _P3_0
     00B0    _RXD
     00B1    _P3_1
     00B1    _TXD
     00B2    _INT0
     00B2    _P3_2
     00B3    _INT1
     00B3    _P3_3
     00B4    _P3_4
     00B4    _T0
     00B5    _P3_5
     00B5    _T1
     00B6    _P3_6
     00B6    _WR
     00B7    _P3_7
     00B7    _RD
     00B8    _IP
     00B8    _PX0
     00B9    _PT0
     00BA    _PX1
     00BB    _PT1
     00BC    _PS
     00BD    _PT2
     00C8    _CP_RL2
     00C8    _T2CON
     00C8    _T2CON_0
     00C9    _C_T2
     00C9    _T2CON_1
     00C9    _T2MOD
     00CA    _RCAP2L
     00CA    _T2CON_2
     00CA    _TR2
     00CB    _EXEN2
     00CB    _RCAP2H
     00CB    _T2CON_3
     00CC    _T2CON_4
     00CC    _TCLK
     00CC    _TL2
     00CD    _RCLK
     00CD    _T2CON_5
     00CD    _TH2
     00CE    _EXF2
     00CE    _T2CON_6
     00CF    _T2CON_7
     00CF    _TF2
     00D0    _P
     00D0    _PSW
     00D1    _FL
     00D2    _OV
     00D3    _RS0
     00D4    _RS1
     00D5    _F0
     00D6    _AC
     00D7    _CY
     00E0    _A
     00E0    _ACC
     00F0    _B
     00F8    l_SSEG
     0100    l_IRAM

Hexadecimal

Area                               Addr   Size   Decimal Bytes (Attributes)
--------------------------------   ----   ----   ------- ----- ------------
_CODE                              0000   0000 =      0. bytes (REL,CON)

Hexadecimal

Area                               Addr   Size   Decimal Bytes (Attributes)
--------------------------------   ----   ----   ------- ----- ------------
REG_BANK_0                         0000   0008 =      8. bytes (REL,OVR)

Hexadecimal

Area                               Addr   Size   Decimal Bytes (Attributes)
--------------------------------   ----   ----   ------- ----- ------------
REG_BANK_1                         0008   0000 =      0. bytes (REL,OVR)

Hexadecimal

Area                               Addr   Size   Decimal Bytes (Attributes)
--------------------------------   ----   ----   ------- ----- ------------
REG_BANK_2                         0010   0000 =      0. bytes (REL,OVR)

Hexadecimal

Area                               Addr   Size   Decimal Bytes (Attributes)
--------------------------------   ----   ----   ------- ----- ------------
REG_BANK_3                         0018   0000 =      0. bytes (REL,OVR)

Hexadecimal

Area                               Addr   Size   Decimal Bits  (Attributes)
--------------------------------   ----   ----   ------- ----- ------------
BSEG                               0000   0000 =      0. bits  (REL,CON,BIT)

Hexadecimal

Area                               Addr   Size   Decimal Bytes (Attributes)
--------------------------------   ----   ----   ------- ----- ------------
BSEG_BYTES                         0020   0000 =      0. bytes (REL,CON)

Hexadecimal

Area                               Addr   Size   Decimal Bytes (Attributes)
--------------------------------   ----   ----   ------- ----- ------------
BIT_BANK                           0020   0000 =      0. bytes (REL,OVR)

Hexadecimal

Area                               Addr   Size   Decimal Bytes (Attributes)
--------------------------------   ----   ----   ------- ----- ------------
DSEG                               0000   0080 =    128. bytes (REL,CON)

Hexadecimal

Area                               Addr   Size   Decimal Bytes (Attributes)
--------------------------------   ----   ----   ------- ----- ------------
OSEG                               0020   0000 =      0. bytes (REL,OVR)

Hexadecimal

Area                               Addr   Size   Decimal Bytes (Attributes)
--------------------------------   ----   ----   ------- ----- ------------
ISEG                               0080   0000 =      0. bytes (REL,CON)

Hexadecimal

Area                               Addr   Size   Decimal Bytes (Attributes)
--------------------------------   ----   ----   ------- ----- ------------
SSEG                               0008   00F8 =    248. bytes (REL,OVR)

      Value  Global
   --------  --------------------------------
     0008    __start__stack

Hexadecimal

Area                               Addr   Size   Decimal Bytes (Attributes)
--------------------------------   ----   ----   ------- ----- ------------
RSEG                               0008   0000 =      0. bytes (REL,CON)

Hexadecimal

Area                               Addr   Size   Decimal Bytes (Attributes)
--------------------------------   ----   ----   ------- ----- ------------
PSEG                               0000   0000 =      0. bytes (REL,CON,PAG,XDATA)

Hexadecimal

Area                               Addr   Size   Decimal Bytes (Attributes)
--------------------------------   ----   ----   ------- ----- ------------
XSEG                               0000   0000 =      0. bytes (REL,CON,XDATA)

Hexadecimal

Area                               Addr   Size   Decimal Bytes (Attributes)
--------------------------------   ----   ----   ------- ----- ------------
XISEG                              0000   0000 =      0. bytes (REL,CON,XDATA)

Hexadecimal

Area                               Addr   Size   Decimal Bytes (Attributes)
--------------------------------   ----   ----   ------- ----- ------------
HOME                               0000   0003 =      3. bytes (REL,CON,CODE)

Hexadecimal

Area                               Addr   Size   Decimal Bytes (Attributes)
--------------------------------   ----   ----   ------- ----- ------------
GSINIT0                            0003   0003 =      3. bytes (REL,CON,CODE)

      Value  Global
   --------  --------------------------------
  0C:0003    __sdcc_gsinit_startup

Hexadecimal

Area                               Addr   Size   Decimal Bytes (Attributes)
--------------------------------   ----   ----   ------- ----- ------------
GSINIT1                            0006   0000 =      0. bytes (REL,CON,CODE)

Hexadecimal

Area                               Addr   Size   Decimal Bytes (Attributes)
--------------------------------   ----   ----   ------- ----- ------------
GSINIT2                            0006   000A =     10. bytes (REL,CON,CODE)

Hexadecimal

Area                               Addr   Size   Decimal Bytes (Attributes)
--------------------------------   ----   ----   ------- ----- ------------
GSINIT3                            0010   0022 =     34. bytes (REL,CON,CODE)

      Value  Global
   --------  --------------------------------
  0C:0010    __mcs51_genXINIT

Hexadecimal

Area                               Addr   Size   Decimal Bytes (Attributes)
--------------------------------   ----   ----   ------- ----- ------------
GSINIT4                            0032   002A =     42. bytes (REL,CON,CODE)

      Value  Global
   --------  --------------------------------
  0C:0032    __mcs51_genRAMCLEAR
  0C:0038    __mcs51_genXRAMCLEAR

Hexadecimal

Area                               Addr   Size   Decimal Bytes (Attributes)
--------------------------------   ----   ----   ------- ----- ------------
GSINIT5                            005C   0000 =      0. bytes (REL,CON,CODE)

Hexadecimal

Area                               Addr   Size   Decimal Bytes (Attributes)
--------------------------------   ----   ----   ------- ----- ------------
GSINIT                             005C   0000 =      0. bytes (REL,CON,CODE)

Hexadecimal

Area                               Addr   Size   Decimal Bytes (Attributes)
--------------------------------   ----   ----   ------- ----- ------------
GSFINAL                            005C   0003 =      3. bytes (REL,CON,CODE)

Hexadecimal

Area                               Addr   Size   Decimal Bytes (Attributes)
--------------------------------   ----   ----   ------- ----- ------------
CSEG                               005F   0015 =     21. bytes (REL,CON,CODE)

      Value  Global
   --------  --------------------------------
  0C:005F    __sdcc_program_startup
  0C:0064    _main
  0C:0070    __sdcc_external_startup

Hexadecimal

Area                               Addr   Size   Decimal Bytes (Attributes)
--------------------------------   ----   ----   ------- ----- ------------
CONST                              0074   0000 =      0. bytes (REL,CON,CODE)

Hexadecimal

Area                               Addr   Size   Decimal Bytes (Attributes)
--------------------------------   ----   ----   ------- ----- ------------
XINIT                              0074   0000 =      0. bytes (REL,CON,CODE)
ASxxxx Linker V01.70 + NoICE + SDCC Feb 1999,  page 1.

Files Linked      [ module(s) ]

ledglow.rel     

Libraries Linked            [   object  file   ]

/usr/bin/../share/sdcc/lib/small/mcs51.lib    [     crtclear.rel ]
/usr/bin/../share/sdcc/lib/small/mcs51.lib    [     crtxinit.rel ]
/usr/bin/../share/sdcc/lib/small/mcs51.lib    [    crtxclear.rel ]
/usr/bin/../share/sdcc/lib/small/mcs51.lib    [   crtpagesfr.rel ]
/usr/bin/../share/sdcc/lib/small/mcs51.lib    [     crtstart.rel ]
/usr/bin/../share/sdcc/lib/small/libsdcc.lib    [         _startup ]

ASxxxx Linker V01.70 + NoICE + SDCC Feb 1999,  page 2.

User Base Address Definitions

HOME = 0x0000
ISEG = 0x0080
BSEG = 0x0000

